SV ANNOTATOR TESTS COMPLETED
----------------------
TOTAL TEST CASES : 157
PASSED : 157
FAILED : 0
FAILED LIST
---------------------
None
